-- parse dump: ./examples/positive/classes/class.layout.glask
-- decls: 6 ["Class'Decl","Instance","Class'Decl","Instance","Class'Decl","Instance"]
Not Implemented: Show for Term'Decl
Not Implemented: Show for Term'Decl
Not Implemented: Show for Term'Decl
Not Implemented: Show for Term'Decl
Not Implemented: Show for Term'Decl
Not Implemented: Show for Term'Decl
