-- parse dump: ./examples/positive/classes/qualified.glask
-- decls: 7 ["Class'Decl","Instance","Class'Decl","Instance","Data'Decl","Class'Decl","Instance"]
Not Implemented: Show for Term'Decl
Not Implemented: Show for Term'Decl
Not Implemented: Show for Term'Decl
Not Implemented: Show for Term'Decl
Not Implemented: Show for Term'Decl
Not Implemented: Show for Term'Decl
Not Implemented: Show for Term'Decl
