-- parse dump: ./examples/positive/data/records.layout.glask
-- decls: 6 ["Class'Decl","Instance","Class'Decl","Instance","Data'Decl","Data'Decl"]
Not Implemented: Show for Term'Decl
Not Implemented: Show for Term'Decl
Not Implemented: Show for Term'Decl
Not Implemented: Show for Term'Decl
Not Implemented: Show for Term'Decl
Not Implemented: Show for Term'Decl
